// Jest Snapshot v1, https://goo.gl/fbAQLP

exports[`Button component renders correctly 1`] = `
<View
  accessibilityState={
    {
      "busy": undefined,
      "checked": undefined,
      "disabled": false,
      "expanded": undefined,
      "selected": undefined,
    }
  }
  accessibilityValue={
    {
      "max": undefined,
      "min": undefined,
      "now": undefined,
      "text": undefined,
    }
  }
  accessible={true}
  collapsable={false}
  focusable={false}
  onClick={[Function]}
  onResponderGrant={[Function]}
  onResponderMove={[Function]}
  onResponderRelease={[Function]}
  onResponderTerminate={[Function]}
  onResponderTerminationRequest={[Function]}
  onStartShouldSetResponder={[Function]}
  style={
    {
      "alignItems": "center",
      "alignSelf": "center",
      "backgroundColor": "#EB8D0C",
      "borderRadius": 4,
      "height": 45,
      "justifyContent": "center",
      "marginTop": 10,
      "opacity": 1,
      "paddingHorizontal": 13,
      "width": 675,
    }
  }
>
  <View
    style={
      {
        "flexDirection": "row",
        "justifyContent": "center",
      }
    }
  >
    <Text
      style={
        [
          {
            "alignSelf": "center",
            "color": "#FFFFFF",
            "fontSize": 18,
            "fontWeight": "500",
            "letterSpacing": 0.25,
            "paddingRight": 10,
            "textAlign": "center",
            "textAlignVertical": "center",
          },
          undefined,
        ]
      }
    />
  </View>
</View>
`;
