// Jest Snapshot v1, https://goo.gl/fbAQLP

exports[`Space component renders correctly 1`] = `
<View
  style={
    {
      "backgroundColor": "transparent",
      "height": 0,
      "width": 0,
    }
  }
/>
`;
