// Jest Snapshot v1, https://goo.gl/fbAQLP

exports[`ButtonLoader component renders correctly 1`] = `
<View
  style={
    {
      "paddingVertical": 3,
    }
  }
/>
`;
